2026-09-12 11:29:32.823 IST [15452] LOG:  starting PostgreSQL 17.11 on x86_64-windows, compiled by msvc-19.44.35228, 64-bit
2026-09-12 11:29:32.826 IST [15452] LOG:  listening on IPv6 address "::1", port 5433
2026-09-12 11:29:32.827 IST [15452] LOG:  listening on IPv4 address "127.0.0.1", port 5433
2026-09-12 11:29:32.865 IST [18604] LOG:  database system was shut down at 2026-09-12 11:29:32 IST
2026-09-12 11:29:32.886 IST [15452] LOG:  database system is ready to accept connections
2026-09-12 11:30:25.961 IST [10300] ERROR:  column "ts" does not exist at character 78
2026-09-12 11:30:25.961 IST [10300] STATEMENT:  SELECT first_seen ts, detail title, url, 'finding' etype FROM findings WHERE ts >= '1900'
2026-09-12 11:33:07.178 IST [9120] ERROR:  duplicate key value violates unique constraint "sites_pkey"
2026-09-12 11:33:07.178 IST [9120] DETAIL:  Key (id)=(1) already exists.
2026-09-12 11:33:07.178 IST [9120] STATEMENT:  INSERT INTO sites(url,title,category,first_seen,last_scan) VALUES('http://test.onion','Test market','onion','2026-09-12T06:03:07+00:00','2026-09-12T06:03:07+00:00') ON CONFLICT(url) DO UPDATE SET last_scan=excluded.last_scan
2026-09-12 11:33:26.144 IST [12204] ERROR:  duplicate key value violates unique constraint "sites_pkey"
2026-09-12 11:33:26.144 IST [12204] DETAIL:  Key (id)=(2) already exists.
2026-09-12 11:33:26.144 IST [12204] STATEMENT:  INSERT INTO sites(url,title,category,first_seen,last_scan) VALUES('http://test.onion','Test market','onion','2026-09-12T06:03:26+00:00','2026-09-12T06:03:26+00:00') ON CONFLICT(url) DO UPDATE SET last_scan=excluded.last_scan
2026-09-12 11:33:38.957 IST [13832] ERROR:  duplicate key value violates unique constraint "sites_pkey"
2026-09-12 11:33:38.957 IST [13832] DETAIL:  Key (id)=(3) already exists.
2026-09-12 11:33:38.957 IST [13832] STATEMENT:  INSERT INTO sites(url,title,category,first_seen,last_scan) VALUES('http://test.onion','Test market','onion','2026-09-12T06:03:38+00:00','2026-09-12T06:03:38+00:00') ON CONFLICT(url) DO UPDATE SET last_scan=excluded.last_scan
2026-09-12 11:34:32.867 IST [5960] LOG:  checkpoint starting: time
2026-09-12 11:36:34.441 IST [5960] LOG:  checkpoint complete: wrote 1117 buffers (6.8%); 0 WAL file(s) added, 0 removed, 0 recycled; write=121.498 s, sync=0.068 s, total=121.575 s; sync files=407, longest=0.002 s, average=0.001 s; distance=5968 kB, estimate=5968 kB; lsn=0/1B4EF18, redo lsn=0/1B48508
2026-09-12 11:49:32.466 IST [5960] LOG:  checkpoint starting: time
2026-09-12 11:49:36.442 IST [5960] LOG:  checkpoint complete: wrote 37 buffers (0.2%); 0 WAL file(s) added, 0 removed, 0 recycled; write=3.936 s, sync=0.009 s, total=3.977 s; sync files=30, longest=0.003 s, average=0.001 s; distance=103 kB, estimate=5382 kB; lsn=0/1B62520, redo lsn=0/1B624C8
2026-09-12 11:54:32.444 IST [5960] LOG:  checkpoint starting: time
2026-09-12 11:54:37.055 IST [5960] LOG:  checkpoint complete: wrote 43 buffers (0.3%); 0 WAL file(s) added, 0 removed, 0 recycled; write=4.592 s, sync=0.011 s, total=4.611 s; sync files=34, longest=0.003 s, average=0.001 s; distance=144 kB, estimate=4858 kB; lsn=0/1B86858, redo lsn=0/1B867C8
2026-09-12 11:54:50.967 IST [11144] ERROR:  column "c" does not exist at character 61
2026-09-12 11:54:50.967 IST [11144] STATEMENT:  SELECT handle, COUNT(*) c FROM posts GROUP BY handle HAVING c>=8
